#-----------------------------------------------------------
# Vivado v2020.2 (64-bit)
# SW Build 3064766 on Wed Nov 18 09:12:45 MST 2020
# IP Build 3064653 on Wed Nov 18 14:17:31 MST 2020
# Start of session at: Wed Jan 13 14:54:04 2021
# Process ID: 17296
# Current directory: C:/Users/robdj/Documents/RMIT_2021/CAP_STONE/RGB_LED_SUITE
# Command line: vivado.exe -gui_launcher_event rodinguilauncherevent17856 C:\Users\robdj\Documents\RMIT_2021\CAP_STONE\RGB_LED_SUITE\RGB_LED_SUITE.xpr
# Log file: C:/Users/robdj/Documents/RMIT_2021/CAP_STONE/RGB_LED_SUITE/vivado.log
# Journal file: C:/Users/robdj/Documents/RMIT_2021/CAP_STONE/RGB_LED_SUITE\vivado.jou
#-----------------------------------------------------------
start_gui
open_project C:/Users/robdj/Documents/RMIT_2021/CAP_STONE/RGB_LED_SUITE/RGB_LED_SUITE.xpr
update_compile_order -fileset sources_1
launch_simulation
source blink_tb1.tcl
launch_runs impl_1 -jobs 4
wait_on_run impl_1
close_sim
launch_runs impl_1 -to_step write_bitstream -jobs 4
wait_on_run impl_1
open_run impl_1
close_design
# Disabling source management mode.  This is to allow the top design properties to be set without GUI intervention.
set_property source_mgmt_mode None [current_project]
set_property top LED_TEST [current_fileset]
# Re-enabling previously disabled source management mode.
set_property source_mgmt_mode All [current_project]
update_compile_order -fileset sources_1
reset_run synth_1
launch_runs synth_1 -jobs 4
wait_on_run synth_1
launch_runs impl_1 -jobs 4
wait_on_run impl_1
launch_runs impl_1 -to_step write_bitstream -jobs 4
wait_on_run impl_1
open_run impl_1
open_hw_manager
connect_hw_server -allow_non_jtag
open_hw_target
set_property PROGRAM.FILE {C:/Users/robdj/Documents/RMIT_2021/CAP_STONE/RGB_LED_SUITE/RGB_LED_SUITE.runs/impl_1/LED_TEST.bit} [get_hw_devices xc7z020_1]
current_hw_device [get_hw_devices xc7z020_1]
refresh_hw_device -update_hw_probes false [lindex [get_hw_devices xc7z020_1] 0]
set_property PROBES.FILE {} [get_hw_devices xc7z020_1]
set_property FULL_PROBES.FILE {} [get_hw_devices xc7z020_1]
set_property PROGRAM.FILE {C:/Users/robdj/Documents/RMIT_2021/CAP_STONE/RGB_LED_SUITE/RGB_LED_SUITE.runs/impl_1/LED_TEST.bit} [get_hw_devices xc7z020_1]
program_hw_devices [get_hw_devices xc7z020_1]
refresh_hw_device [lindex [get_hw_devices xc7z020_1] 0]
close_hw_manager
close_design
launch_simulation
source blink_tb1.tcl
# Disabling source management mode.  This is to allow the top design properties to be set without GUI intervention.
set_property source_mgmt_mode None [current_project]
set_property top blink [current_fileset]
# Re-enabling previously disabled source management mode.
set_property source_mgmt_mode All [current_project]
update_compile_order -fileset sources_1
reset_run synth_1
launch_runs synth_1 -jobs 4
wait_on_run synth_1
close_sim
launch_simulation
source blink_tb1.tcl
reset_run synth_1
launch_runs synth_1 -jobs 4
wait_on_run synth_1
close_sim
launch_simulation
source blink_tb1.tcl
close_sim
launch_simulation
source blink_tb1.tcl
reset_run synth_1
launch_runs synth_1 -jobs 4
wait_on_run synth_1
close_sim
launch_simulation
source blink_tb1.tcl
open_run synth_1 -name synth_1
close_sim
launch_simulation
source blink_tb1.tcl
reset_run synth_1
launch_runs synth_1 -jobs 4
wait_on_run synth_1
refresh_design
close_sim
launch_simulation
source blink_tb1.tcl
reset_run synth_1
launch_runs synth_1 -jobs 4
wait_on_run synth_1
close_sim
launch_simulation
source blink_tb1.tcl
refresh_design
close_sim
launch_simulation
source blink_tb1.tcl
# Disabling source management mode.  This is to allow the top design properties to be set without GUI intervention.
set_property source_mgmt_mode None [current_project]
set_property top LED_TEST [current_fileset]
# Re-enabling previously disabled source management mode.
set_property source_mgmt_mode All [current_project]
update_compile_order -fileset sources_1
reset_run synth_1
launch_runs synth_1 -jobs 4
wait_on_run synth_1
refresh_design
launch_runs impl_1 -jobs 4
wait_on_run impl_1
launch_runs impl_1 -to_step write_bitstream -jobs 4
wait_on_run impl_1
open_hw_manager
connect_hw_server -allow_non_jtag
open_hw_target
set_property PROGRAM.FILE {C:/Users/robdj/Documents/RMIT_2021/CAP_STONE/RGB_LED_SUITE/RGB_LED_SUITE.runs/impl_1/LED_TEST.bit} [get_hw_devices xc7z020_1]
current_hw_device [get_hw_devices xc7z020_1]
refresh_hw_device -update_hw_probes false [lindex [get_hw_devices xc7z020_1] 0]
set_property PROBES.FILE {} [get_hw_devices xc7z020_1]
set_property FULL_PROBES.FILE {} [get_hw_devices xc7z020_1]
set_property PROGRAM.FILE {C:/Users/robdj/Documents/RMIT_2021/CAP_STONE/RGB_LED_SUITE/RGB_LED_SUITE.runs/impl_1/LED_TEST.bit} [get_hw_devices xc7z020_1]
program_hw_devices [get_hw_devices xc7z020_1]
refresh_hw_device [lindex [get_hw_devices xc7z020_1] 0]
reset_run synth_1
launch_runs synth_1 -jobs 4
wait_on_run synth_1
reset_run synth_1
launch_runs synth_1 -jobs 4
wait_on_run synth_1
launch_runs impl_1 -jobs 4
wait_on_run impl_1
close_hw_manager
launch_runs impl_1 -to_step write_bitstream -jobs 4
wait_on_run impl_1
open_hw_manager
connect_hw_server -allow_non_jtag
open_hw_target
set_property PROGRAM.FILE {C:/Users/robdj/Documents/RMIT_2021/CAP_STONE/RGB_LED_SUITE/RGB_LED_SUITE.runs/impl_1/LED_TEST.bit} [get_hw_devices xc7z020_1]
current_hw_device [get_hw_devices xc7z020_1]
refresh_hw_device -update_hw_probes false [lindex [get_hw_devices xc7z020_1] 0]
set_property PROBES.FILE {} [get_hw_devices xc7z020_1]
set_property FULL_PROBES.FILE {} [get_hw_devices xc7z020_1]
set_property PROGRAM.FILE {C:/Users/robdj/Documents/RMIT_2021/CAP_STONE/RGB_LED_SUITE/RGB_LED_SUITE.runs/impl_1/LED_TEST.bit} [get_hw_devices xc7z020_1]
program_hw_devices [get_hw_devices xc7z020_1]
refresh_hw_device [lindex [get_hw_devices xc7z020_1] 0]
close_hw_manager
reset_run synth_1
launch_runs synth_1 -jobs 4
wait_on_run synth_1
close_design
launch_runs impl_1 -jobs 4
wait_on_run impl_1
open_run impl_1
launch_runs impl_1 -to_step write_bitstream -jobs 4
wait_on_run impl_1
open_hw_manager
connect_hw_server -allow_non_jtag
open_hw_target
set_property PROGRAM.FILE {C:/Users/robdj/Documents/RMIT_2021/CAP_STONE/RGB_LED_SUITE/RGB_LED_SUITE.runs/impl_1/LED_TEST.bit} [get_hw_devices xc7z020_1]
current_hw_device [get_hw_devices xc7z020_1]
refresh_hw_device -update_hw_probes false [lindex [get_hw_devices xc7z020_1] 0]
set_property PROBES.FILE {} [get_hw_devices xc7z020_1]
set_property FULL_PROBES.FILE {} [get_hw_devices xc7z020_1]
set_property PROGRAM.FILE {C:/Users/robdj/Documents/RMIT_2021/CAP_STONE/RGB_LED_SUITE/RGB_LED_SUITE.runs/impl_1/LED_TEST.bit} [get_hw_devices xc7z020_1]
program_hw_devices [get_hw_devices xc7z020_1]
refresh_hw_device [lindex [get_hw_devices xc7z020_1] 0]
set_property PROBES.FILE {} [get_hw_devices xc7z020_1]
set_property FULL_PROBES.FILE {} [get_hw_devices xc7z020_1]
set_property PROGRAM.FILE {C:/Users/robdj/Documents/RMIT_2021/CAP_STONE/RGB_LED_SUITE/RGB_LED_SUITE.runs/impl_1/LED_TEST.bit} [get_hw_devices xc7z020_1]
program_hw_devices [get_hw_devices xc7z020_1]
refresh_hw_device [lindex [get_hw_devices xc7z020_1] 0]
# Disabling source management mode.  This is to allow the top design properties to be set without GUI intervention.
set_property source_mgmt_mode None [current_project]
set_property top blink [current_fileset]
# Re-enabling previously disabled source management mode.
set_property source_mgmt_mode All [current_project]
update_compile_order -fileset sources_1
reset_run synth_1
launch_runs synth_1 -jobs 4
wait_on_run synth_1
close_sim
launch_simulation
source blink_tb1.tcl
reset_run synth_1
launch_runs synth_1 -jobs 4
wait_on_run synth_1
launch_runs impl_1 -jobs 4
wait_on_run impl_1
launch_runs impl_1 -to_step write_bitstream -jobs 4
wait_on_run impl_1
close_design
open_run impl_1
# Disabling source management mode.  This is to allow the top design properties to be set without GUI intervention.
set_property source_mgmt_mode None [current_project]
set_property top LED_TEST [current_fileset]
# Re-enabling previously disabled source management mode.
set_property source_mgmt_mode All [current_project]
update_compile_order -fileset sources_1
reset_run synth_1
launch_runs synth_1 -jobs 4
wait_on_run synth_1
open_run synth_1 -name synth_1
launch_runs impl_1 -jobs 4
wait_on_run impl_1
current_design impl_1
refresh_design
launch_runs impl_1 -to_step write_bitstream -jobs 4
wait_on_run impl_1
set_property PROBES.FILE {} [get_hw_devices xc7z020_1]
set_property FULL_PROBES.FILE {} [get_hw_devices xc7z020_1]
set_property PROGRAM.FILE {C:/Users/robdj/Documents/RMIT_2021/CAP_STONE/RGB_LED_SUITE/RGB_LED_SUITE.runs/impl_1/LED_TEST.bit} [get_hw_devices xc7z020_1]
program_hw_devices [get_hw_devices xc7z020_1]
refresh_hw_device [lindex [get_hw_devices xc7z020_1] 0]
reset_run synth_1
launch_runs synth_1 -jobs 4
wait_on_run synth_1
launch_runs impl_1 -jobs 4
wait_on_run impl_1
current_design synth_1
refresh_design
reset_run impl_1
launch_runs impl_1 -jobs 4
wait_on_run impl_1
current_design impl_1
refresh_design
launch_runs impl_1 -to_step write_bitstream -jobs 4
wait_on_run impl_1
set_property PROBES.FILE {} [get_hw_devices xc7z020_1]
set_property FULL_PROBES.FILE {} [get_hw_devices xc7z020_1]
set_property PROGRAM.FILE {C:/Users/robdj/Documents/RMIT_2021/CAP_STONE/RGB_LED_SUITE/RGB_LED_SUITE.runs/impl_1/LED_TEST.bit} [get_hw_devices xc7z020_1]
program_hw_devices [get_hw_devices xc7z020_1]
refresh_hw_device [lindex [get_hw_devices xc7z020_1] 0]
close_hw_manager
# Disabling source management mode.  This is to allow the top design properties to be set without GUI intervention.
set_property source_mgmt_mode None [current_project]
set_property top blink [current_fileset]
# Re-enabling previously disabled source management mode.
set_property source_mgmt_mode All [current_project]
update_compile_order -fileset sources_1
reset_run synth_1
launch_runs synth_1 -jobs 4
wait_on_run synth_1
close_sim
launch_simulation
source blink_tb1.tcl
current_design synth_1
refresh_design
close_sim
launch_simulation
source blink_tb1.tcl
reset_run synth_1
launch_runs synth_1 -jobs 4
wait_on_run synth_1
refresh_design
close_sim
launch_simulation
source blink_tb1.tcl
reset_run synth_1
launch_runs synth_1 -jobs 4
wait_on_run synth_1
refresh_design
close_sim
launch_simulation
source blink_tb1.tcl
reset_run synth_1
launch_runs synth_1 -jobs 4
wait_on_run synth_1
refresh_design
close_sim
launch_simulation
source blink_tb1.tcl
close_sim
